[2026-07-26 12:38:04] [INFO] [shms]: GEMINI_API_KEY not found or google-generativeai module missing. Running in Heuristic NLU Mode.
[2026-07-26 12:38:54] [INFO] [shms]: GEMINI_API_KEY not found or google-generativeai module missing. Running in Heuristic NLU Mode.
[2026-07-26 12:39:42] [INFO] [shms]: GEMINI_API_KEY not found or google-generativeai module missing. Running in Heuristic NLU Mode.
[2026-07-26 12:39:42] [INFO] [shms]: Initializing database at: database/hostel.db
[2026-07-26 12:39:42] [INFO] [shms]: Schema applied successfully.
[2026-07-26 12:39:42] [INFO] [shms]: Seed data applied successfully.
[2026-07-26 12:39:42] [INFO] [shms]: Initializing database at: database/hostel.db
[2026-07-26 12:39:42] [INFO] [shms]: Schema applied successfully.
[2026-07-26 12:39:42] [INFO] [shms]: Seed data applied successfully.
[2026-07-26 12:39:42] [INFO] [shms]: Initializing database at: database/hostel.db
[2026-07-26 12:39:42] [INFO] [shms]: Schema applied successfully.
[2026-07-26 12:39:42] [INFO] [shms]: Seed data applied successfully.
[2026-07-26 12:39:42] [INFO] [shms]: [ComplaintAgent] Processing intent: register_complaint for student: 1
[2026-07-26 12:39:42] [INFO] [shms]: [ComplaintAgent] Complaint registered successfully: CMP-2026-0004
[2026-07-26 12:39:42] [INFO] [shms]: [VisitorAgent] Processing intent: register_visitor for student: 1
[2026-07-26 12:39:42] [INFO] [shms]: [VisitorAgent] Visitor Marcus Vance registered with ID: 3
[2026-07-26 12:39:43] [INFO] [shms]: [RoomAgent] Student 5 allocated to room B-201
[2026-07-26 12:39:43] [INFO] [shms]: [LeaveAgent] Processing intent: apply_leave for student: 2
[2026-07-26 12:39:43] [INFO] [shms]: [LeaveAgent] Leave applied successfully: LV-2026-0003
[2026-07-26 12:39:43] [INFO] [shms]: [DecisionAgent] Processing message from student 1: 'My room light is not working.'
[2026-07-26 12:39:43] [INFO] [shms]: Heuristic Intent Parsing Result: ['register_complaint', 'get_room_info']
[2026-07-26 12:39:43] [INFO] [shms]: [DecisionAgent] Delegating to complaint_agent with intent 'register_complaint'
[2026-07-26 12:39:43] [INFO] [shms]: [ComplaintAgent] Processing intent: register_complaint for student: 1
[2026-07-26 12:39:43] [INFO] [shms]: [ComplaintAgent] Complaint registered successfully: CMP-2026-0005
[2026-07-26 12:39:43] [INFO] [shms]: [DecisionAgent] Delegating to room_agent with intent 'get_room_info'
[2026-07-26 12:39:43] [INFO] [shms]: [RoomAgent] Processing intent: get_room_info for student: 1
[2026-07-26 12:39:43] [INFO] [shms]: [DecisionAgent] Orchestration complete. Invoked agents: ['complaint_agent', 'room_agent']
[2026-07-26 12:39:43] [INFO] [shms]: [DecisionAgent] Processing message from student 1: 'My AC is broken and my parents are visiting Sunday.'
[2026-07-26 12:39:43] [INFO] [shms]: Heuristic Intent Parsing Result: ['register_complaint', 'register_visitor']
[2026-07-26 12:39:43] [INFO] [shms]: [DecisionAgent] Delegating to complaint_agent with intent 'register_complaint'
[2026-07-26 12:39:43] [INFO] [shms]: [ComplaintAgent] Processing intent: register_complaint for student: 1
[2026-07-26 12:39:43] [INFO] [shms]: [ComplaintAgent] Complaint registered successfully: CMP-2026-0006
[2026-07-26 12:39:43] [INFO] [shms]: [DecisionAgent] Delegating to visitor_agent with intent 'register_visitor'
[2026-07-26 12:39:43] [INFO] [shms]: [VisitorAgent] Processing intent: register_visitor for student: 1
[2026-07-26 12:39:43] [INFO] [shms]: [VisitorAgent] Visitor Parents registered with ID: 4
[2026-07-26 12:39:43] [INFO] [shms]: [DecisionAgent] Orchestration complete. Invoked agents: ['complaint_agent', 'visitor_agent']
[2026-07-26 12:39:43] [INFO] [shms]: API Call POST /api/chat - Student ID: 1
[2026-07-26 12:39:43] [INFO] [shms]: [DecisionAgent] Processing message from student 1: 'What are today's mess timings?'
[2026-07-26 12:39:43] [INFO] [shms]: Heuristic Intent Parsing Result: ['get_hostel_info']
[2026-07-26 12:39:43] [INFO] [shms]: [DecisionAgent] Delegating to info_agent with intent 'get_hostel_info'
[2026-07-26 12:39:43] [INFO] [shms]: [InfoAgent] Processing intent: get_hostel_info with entities: {'info_key': 'mess_timings', 'query_term': "What are today's mess timings?"}
[2026-07-26 12:39:43] [INFO] [shms]: [DecisionAgent] Orchestration complete. Invoked agents: ['info_agent']
[2026-07-26 12:40:45] [INFO] [shms]: GEMINI_API_KEY not found or google-generativeai module missing. Running in Heuristic NLU Mode.
[2026-07-26 12:40:46] [INFO] [shms]: Initializing database at: database/hostel.db
[2026-07-26 12:40:46] [INFO] [shms]: Schema applied successfully.
[2026-07-26 12:40:46] [INFO] [shms]: Seed data applied successfully.
[2026-07-26 12:40:46] [INFO] [shms]: Starting Smart Hostel Management System server on http://127.0.0.1:5000
[2026-07-26 12:40:53] [INFO] [shms]: GEMINI_API_KEY not found or google-generativeai module missing. Running in Heuristic NLU Mode.
[2026-07-26 12:40:53] [INFO] [shms]: Initializing database at: database/hostel.db
[2026-07-26 12:40:53] [INFO] [shms]: Schema applied successfully.
[2026-07-26 12:40:53] [INFO] [shms]: Seed data applied successfully.
[2026-07-26 12:40:53] [INFO] [shms]: Starting Smart Hostel Management System server on http://127.0.0.1:5000
[2026-07-26 12:40:54] [WARNING] [shms]: 404 Not Found: The requested URL was not found on the server. If you entered the URL manually please check your spelling and try again.
[2026-07-26 12:41:20] [INFO] [shms]: API Call POST /api/chat - Student ID: 1
[2026-07-26 12:41:20] [INFO] [shms]: [DecisionAgent] Processing message from student 1: 'My room light is not working.'
[2026-07-26 12:41:20] [INFO] [shms]: Heuristic Intent Parsing Result: ['register_complaint', 'get_room_info']
[2026-07-26 12:41:20] [INFO] [shms]: [DecisionAgent] Delegating to complaint_agent with intent 'register_complaint'
[2026-07-26 12:41:20] [INFO] [shms]: [ComplaintAgent] Processing intent: register_complaint for student: 1
[2026-07-26 12:41:20] [INFO] [shms]: [ComplaintAgent] Complaint registered successfully: CMP-2026-0007
[2026-07-26 12:41:20] [INFO] [shms]: [DecisionAgent] Delegating to room_agent with intent 'get_room_info'
[2026-07-26 12:41:20] [INFO] [shms]: [RoomAgent] Processing intent: get_room_info for student: 1
[2026-07-26 12:41:20] [INFO] [shms]: [DecisionAgent] Orchestration complete. Invoked agents: ['complaint_agent', 'room_agent']
[2026-07-26 12:43:36] [INFO] [shms]: API Call POST /api/chat - Student ID: 1
[2026-07-26 12:43:36] [INFO] [shms]: [DecisionAgent] Processing message from student 1: 'My parents are visiting tomorrow.'
[2026-07-26 12:43:36] [INFO] [shms]: Heuristic Intent Parsing Result: ['register_visitor']
[2026-07-26 12:43:36] [INFO] [shms]: [DecisionAgent] Delegating to visitor_agent with intent 'register_visitor'
[2026-07-26 12:43:36] [INFO] [shms]: [VisitorAgent] Processing intent: register_visitor for student: 1
[2026-07-26 12:43:36] [INFO] [shms]: [VisitorAgent] Visitor Parents registered with ID: 5
[2026-07-26 12:43:36] [INFO] [shms]: [DecisionAgent] Orchestration complete. Invoked agents: ['visitor_agent']
[2026-07-26 12:47:27] [INFO] [shms]: GEMINI_API_KEY not found or google-generativeai module missing. Running in Heuristic NLU Mode.
[2026-07-26 12:47:27] [INFO] [shms]: Initializing database at: database/hostel.db
[2026-07-26 12:47:27] [INFO] [shms]: Schema applied successfully.
[2026-07-26 12:47:27] [INFO] [shms]: Seed data applied successfully.
[2026-07-26 12:47:27] [INFO] [shms]: Initializing database at: database/hostel.db
[2026-07-26 12:47:27] [INFO] [shms]: Schema applied successfully.
[2026-07-26 12:47:27] [INFO] [shms]: Seed data applied successfully.
[2026-07-26 12:47:27] [INFO] [shms]: Initializing database at: database/hostel.db
[2026-07-26 12:47:27] [INFO] [shms]: Schema applied successfully.
[2026-07-26 12:47:27] [INFO] [shms]: Seed data applied successfully.
[2026-07-26 12:47:27] [INFO] [shms]: [ComplaintAgent] Processing intent: register_complaint for student: 1
[2026-07-26 12:47:27] [INFO] [shms]: [ComplaintAgent] Complaint registered successfully: CMP-2026-0008
[2026-07-26 12:47:27] [INFO] [shms]: [VisitorAgent] Processing intent: register_visitor for student: 1
[2026-07-26 12:47:27] [INFO] [shms]: [VisitorAgent] Visitor Marcus Vance registered with ID: 6
[2026-07-26 12:47:27] [INFO] [shms]: [RoomAgent] Student 5 allocated to room B-201
[2026-07-26 12:47:27] [INFO] [shms]: [LeaveAgent] Processing intent: apply_leave for student: 2
[2026-07-26 12:47:28] [INFO] [shms]: [LeaveAgent] Leave applied successfully: LV-2026-0004
[2026-07-26 12:47:28] [INFO] [shms]: [DecisionAgent] Processing message from student 1: 'My room light is not working.'
[2026-07-26 12:47:28] [INFO] [shms]: Heuristic Intent Parsing Result: ['register_complaint', 'get_room_info']
[2026-07-26 12:47:28] [INFO] [shms]: [DecisionAgent] Delegating to complaint_agent with intent 'register_complaint'
[2026-07-26 12:47:28] [INFO] [shms]: [ComplaintAgent] Processing intent: register_complaint for student: 1
[2026-07-26 12:47:28] [INFO] [shms]: [ComplaintAgent] Complaint registered successfully: CMP-2026-0009
[2026-07-26 12:47:28] [INFO] [shms]: [DecisionAgent] Delegating to room_agent with intent 'get_room_info'
[2026-07-26 12:47:28] [INFO] [shms]: [RoomAgent] Processing intent: get_room_info for student: 1
[2026-07-26 12:47:28] [INFO] [shms]: [DecisionAgent] Orchestration complete. Invoked agents: ['complaint_agent', 'room_agent']
[2026-07-26 12:47:28] [INFO] [shms]: [DecisionAgent] Processing message from student 1: 'My AC is broken and my parents are visiting Sunday.'
[2026-07-26 12:47:28] [INFO] [shms]: Heuristic Intent Parsing Result: ['register_complaint', 'register_visitor']
[2026-07-26 12:47:28] [INFO] [shms]: [DecisionAgent] Delegating to complaint_agent with intent 'register_complaint'
[2026-07-26 12:47:28] [INFO] [shms]: [ComplaintAgent] Processing intent: register_complaint for student: 1
[2026-07-26 12:47:28] [INFO] [shms]: [ComplaintAgent] Complaint registered successfully: CMP-2026-0010
[2026-07-26 12:47:28] [INFO] [shms]: [DecisionAgent] Delegating to visitor_agent with intent 'register_visitor'
[2026-07-26 12:47:28] [INFO] [shms]: [VisitorAgent] Processing intent: register_visitor for student: 1
[2026-07-26 12:47:28] [INFO] [shms]: [VisitorAgent] Visitor Parents registered with ID: 7
[2026-07-26 12:47:28] [INFO] [shms]: [DecisionAgent] Orchestration complete. Invoked agents: ['complaint_agent', 'visitor_agent']
[2026-07-26 12:47:28] [INFO] [shms]: API Call POST /api/chat - Student ID: 1
[2026-07-26 12:47:28] [INFO] [shms]: [DecisionAgent] Processing message from student 1: 'What are today's mess timings?'
[2026-07-26 12:47:28] [INFO] [shms]: Heuristic Intent Parsing Result: ['get_hostel_info']
[2026-07-26 12:47:28] [INFO] [shms]: [DecisionAgent] Delegating to info_agent with intent 'get_hostel_info'
[2026-07-26 12:47:28] [INFO] [shms]: [InfoAgent] Processing intent: get_hostel_info with entities: {'info_key': 'mess_timings', 'query_term': "What are today's mess timings?"}
[2026-07-26 12:47:28] [INFO] [shms]: [DecisionAgent] Orchestration complete. Invoked agents: ['info_agent']
[2026-07-26 12:47:48] [INFO] [shms]: GEMINI_API_KEY not found or google-generativeai module missing. Running in Heuristic NLU Mode.
[2026-07-26 12:47:48] [INFO] [shms]: Initializing database at: database/hostel.db
[2026-07-26 12:47:48] [INFO] [shms]: Schema applied successfully.
[2026-07-26 12:47:48] [INFO] [shms]: Seed data applied successfully.
[2026-07-26 12:47:48] [INFO] [shms]: Starting Smart Hostel Management System server on http://127.0.0.1:5000
[2026-07-26 12:47:49] [INFO] [shms]: GEMINI_API_KEY not found or google-generativeai module missing. Running in Heuristic NLU Mode.
[2026-07-26 12:47:49] [INFO] [shms]: Initializing database at: database/hostel.db
[2026-07-26 12:47:49] [INFO] [shms]: Schema applied successfully.
[2026-07-26 12:47:49] [INFO] [shms]: Seed data applied successfully.
[2026-07-26 12:47:49] [INFO] [shms]: Starting Smart Hostel Management System server on http://127.0.0.1:5000
[2026-07-26 12:49:36] [INFO] [shms]: API Call POST /api/chat - Student ID: 1
[2026-07-26 12:49:36] [INFO] [shms]: [DecisionAgent] Processing message from student 1: 'Apply leave for this weekend.'
[2026-07-26 12:49:36] [INFO] [shms]: Heuristic Intent Parsing Result: ['apply_leave']
[2026-07-26 12:49:36] [INFO] [shms]: [DecisionAgent] Delegating to leave_agent with intent 'apply_leave'
[2026-07-26 12:49:36] [INFO] [shms]: [LeaveAgent] Processing intent: apply_leave for student: 1
[2026-07-26 12:49:36] [INFO] [shms]: [LeaveAgent] Leave applied successfully: LV-2026-0005
[2026-07-26 12:49:36] [INFO] [shms]: [DecisionAgent] Orchestration complete. Invoked agents: ['leave_agent']
[2026-07-26 15:17:41] [INFO] [shms]: GEMINI_API_KEY not found or google-generativeai module missing. Running in Heuristic NLU Mode.
[2026-07-26 15:17:41] [INFO] [shms]: Initializing database at: database/hostel.db
[2026-07-26 15:17:41] [INFO] [shms]: Schema applied successfully.
[2026-07-26 15:17:41] [INFO] [shms]: Seed data applied successfully.
[2026-07-26 15:17:41] [INFO] [shms]: Initializing database at: database/hostel.db
[2026-07-26 15:17:41] [INFO] [shms]: Schema applied successfully.
[2026-07-26 15:17:41] [INFO] [shms]: Seed data applied successfully.
[2026-07-26 15:17:41] [INFO] [shms]: Initializing database at: database/hostel.db
[2026-07-26 15:17:41] [INFO] [shms]: Schema applied successfully.
[2026-07-26 15:17:41] [INFO] [shms]: Seed data applied successfully.
[2026-07-26 15:17:41] [INFO] [shms]: [ComplaintAgent] Processing intent: register_complaint for student: 1
[2026-07-26 15:17:41] [INFO] [shms]: [ComplaintAgent] Complaint registered successfully: CMP-2026-0011
[2026-07-26 15:17:41] [INFO] [shms]: [VisitorAgent] Processing intent: register_visitor for student: 1
[2026-07-26 15:17:41] [INFO] [shms]: [VisitorAgent] Visitor Marcus Vance registered with ID: 8
[2026-07-26 15:17:41] [INFO] [shms]: [LeaveAgent] Processing intent: apply_leave for student: 2
[2026-07-26 15:17:41] [INFO] [shms]: [LeaveAgent] Leave applied successfully: LV-2026-0006
[2026-07-26 15:17:41] [INFO] [shms]: [DecisionAgent] Processing message from student 1: 'My room light is not working.'
[2026-07-26 15:17:41] [INFO] [shms]: Heuristic Intent Parsing Result: ['register_complaint', 'get_room_info']
[2026-07-26 15:17:41] [INFO] [shms]: [DecisionAgent] Delegating to complaint_agent with intent 'register_complaint'
[2026-07-26 15:17:41] [INFO] [shms]: [ComplaintAgent] Processing intent: register_complaint for student: 1
[2026-07-26 15:17:41] [INFO] [shms]: [ComplaintAgent] Complaint registered successfully: CMP-2026-0012
[2026-07-26 15:17:41] [INFO] [shms]: [DecisionAgent] Delegating to room_agent with intent 'get_room_info'
[2026-07-26 15:17:41] [INFO] [shms]: [RoomAgent] Processing intent: get_room_info for student: 1
[2026-07-26 15:17:41] [INFO] [shms]: [DecisionAgent] Orchestration complete. Invoked agents: ['complaint_agent', 'room_agent']
[2026-07-26 15:17:41] [INFO] [shms]: [DecisionAgent] Processing message from student 1: 'My AC is broken and my parents are visiting Sunday.'
[2026-07-26 15:17:41] [INFO] [shms]: Heuristic Intent Parsing Result: ['register_complaint', 'register_visitor']
[2026-07-26 15:17:41] [INFO] [shms]: [DecisionAgent] Delegating to complaint_agent with intent 'register_complaint'
[2026-07-26 15:17:41] [INFO] [shms]: [ComplaintAgent] Processing intent: register_complaint for student: 1
[2026-07-26 15:17:41] [INFO] [shms]: [ComplaintAgent] Complaint registered successfully: CMP-2026-0013
[2026-07-26 15:17:41] [INFO] [shms]: [DecisionAgent] Delegating to visitor_agent with intent 'register_visitor'
[2026-07-26 15:17:41] [INFO] [shms]: [VisitorAgent] Processing intent: register_visitor for student: 1
[2026-07-26 15:17:41] [INFO] [shms]: [VisitorAgent] Visitor Parents registered with ID: 9
[2026-07-26 15:17:41] [INFO] [shms]: [DecisionAgent] Orchestration complete. Invoked agents: ['complaint_agent', 'visitor_agent']
[2026-07-26 15:17:41] [INFO] [shms]: API Call POST /api/chat - Student ID: 1
[2026-07-26 15:17:41] [INFO] [shms]: [DecisionAgent] Processing message from student 1: 'What are today's mess timings?'
[2026-07-26 15:17:41] [INFO] [shms]: Heuristic Intent Parsing Result: ['get_hostel_info']
[2026-07-26 15:17:41] [INFO] [shms]: [DecisionAgent] Delegating to info_agent with intent 'get_hostel_info'
[2026-07-26 15:17:41] [INFO] [shms]: [InfoAgent] Processing intent: get_hostel_info with entities: {'info_key': 'mess_timings', 'query_term': "What are today's mess timings?"}
[2026-07-26 15:17:41] [INFO] [shms]: [DecisionAgent] Orchestration complete. Invoked agents: ['info_agent']
